(.venv) PS C:\Users\osaoudi\Desktop\EASPORTS\VoiceComAnalysis\Text-To-VAD> python train.py
transformers: 5.17.0
GPU: None (training on CPU will be slow)
(10061, 9)
split
train    8062
test     1000
dev       999
Name: count, dtype: int64
                  V            A             D
count  10061.000000  10061.00000  10061.000000
mean       2.976709      3.04180      3.062791
std        0.348727      0.25955      0.209666
min        1.200000      1.80000      1.780000
25%        2.800000      2.89000      3.000000
50%        3.000000      3.00000      3.090000
75%        3.120000      3.20000      3.200000
max        4.600000      4.40000      4.200000
Map: 100%|███████████████████████████| 8062/8062 [00:00<00:00, 76359.09 examples/s]
Map: 100%|█████████████████████████████| 999/999 [00:00<00:00, 55277.03 examples/s]
Map: 100%|███████████████████████████| 1000/1000 [00:00<00:00, 82798.11 examples/s]
DatasetDict({
    train: Dataset({
        features: ['input_ids', 'token_type_ids', 'attention_mask', 'labels'],
        num_rows: 8062
    })
    validation: Dataset({
        features: ['input_ids', 'token_type_ids', 'attention_mask', 'labels'],
        num_rows: 999
    })
    test: Dataset({
        features: ['input_ids', 'token_type_ids', 'attention_mask', 'labels'],
        num_rows: 1000
    })
})
C:\Users\osaoudi\Desktop\EASPORTS\VoiceComAnalysis\Text-To-VAD\.venv\Lib\site-packages\torch\jit\_script.py:1491: FutureWarning: `torch.jit.script` is deprecated. Please switch to `torch.compile` or `torch.export`.
  warnings.warn(
Loading weights: 100%|███████████████████████████████████| 198/198 [00:00<?, ?it/s]
[transformers] DebertaV2ForSequenceClassification LOAD REPORT from: microsoft/deberta-v3-base
Key                                     | Status     |
----------------------------------------+------------+-
lm_predictions.lm_head.dense.weight     | UNEXPECTED |
lm_predictions.lm_head.LayerNorm.weight | UNEXPECTED |
lm_predictions.lm_head.LayerNorm.bias   | UNEXPECTED |
mask_predictions.classifier.bias        | UNEXPECTED |
mask_predictions.dense.bias             | UNEXPECTED |
lm_predictions.lm_head.dense.bias       | UNEXPECTED |
lm_predictions.lm_head.bias             | UNEXPECTED |
mask_predictions.dense.weight           | UNEXPECTED |
mask_predictions.LayerNorm.weight       | UNEXPECTED |
mask_predictions.classifier.weight      | UNEXPECTED |
mask_predictions.LayerNorm.bias         | UNEXPECTED |
classifier.bias                         | MISSING    |
pooler.dense.bias                       | MISSING    |
pooler.dense.weight                     | MISSING    |
classifier.weight                       | MISSING    |

Notes:
- UNEXPECTED:   can be ignored when loading from different task/architecture; not ok if you expect identical arch.
- MISSING:      those params were newly initialized because missing from the checkpoint. Consider training on your downstream task.
Traceback (most recent call last):
  File "C:\Users\osaoudi\Desktop\EASPORTS\VoiceComAnalysis\Text-To-VAD\train.py", line 129, in <module>
    main()
  File "C:\Users\osaoudi\Desktop\EASPORTS\VoiceComAnalysis\Text-To-VAD\train.py", line 78, in main
    training_args = TrainingArguments(
                    ^^^^^^^^^^^^^^^^^^
TypeError: TrainingArguments.__init__() got an unexpected keyword argument 'warmup_ratio'
(.venv) PS C:\Users\osaoudi\Desktop\EASPORTS\VoiceComAnalysis\Text-To-VAD>




--------------
notes : check error and the version of the transformers library. The error indicates that the 'warmup_ratio' argument is not recognized in the TrainingArguments class. This could be due to using an older version of the transformers library that does not support this argument.
make sure to fix requirent file to use the correct version of the transformers library that supports the 'warmup_ratio' argument in the TrainingArguments class. 


------------------------------
i think i should cleanup the env first : 

(.venv) PS C:\Users\osaoudi\Desktop\EASPORTS\VoiceComAnalysis\Text-To-VAD> pip install -r requirements.txt
Looking in indexes: https://pypi.org/simple, https://download.pytorch.org/whl/cu124
WARNING: Retrying (Retry(total=4, connect=None, read=None, redirect=None, status=None)) after connection broken by 'SSLError(SSLCertVerificationError(1, '[SSL: CERTIFICATE_VERIFY_FAILED] certificate verify failed: unable to get local issuer certificate (_ssl.c:1000)'))': /whl/cu124/torch/
WARNING: Retrying (Retry(total=3, connect=None, read=None, redirect=None, status=None)) after connection broken by 'SSLError(SSLCertVerificationError(1, '[SSL: CERTIFICATE_VERIFY_FAILED] certificate verify failed: unable to get local issuer certificate (_ssl.c:1000)'))': /whl/cu124/torch/
WARNING: Retrying (Retry(total=2, connect=None, read=None, redirect=None, status=None)) after connection broken by 'SSLError(SSLCertVerificationError(1, '[SSL: CERTIFICATE_VERIFY_FAILED] certificate verify failed: unable to get local issuer certificate (_ssl.c:1000)'))': /whl/cu124/torch/
WARNING: Retrying (Retry(total=1, connect=None, read=None, redirect=None, status=None)) after connection broken by 'SSLError(SSLCertVerificationError(1, '[SSL: CERTIFICATE_VERIFY_FAILED] certificate verify failed: unable to get local issuer certificate (_ssl.c:1000)'))': /whl/cu124/torch/
WARNING: Retrying (Retry(total=0, connect=None, read=None, redirect=None, status=None)) after connection broken by 'SSLError(SSLCertVerificationError(1, '[SSL: CERTIFICATE_VERIFY_FAILED] certificate verify failed: unable to get local issuer certificate (_ssl.c:1000)'))': /whl/cu124/torch/
Could not fetch URL https://download.pytorch.org/whl/cu124/torch/: There was a problem confirming the ssl certificate: HTTPSConnectionPool(host='download.pytorch.org', port=443): Max retries exceeded with url: /whl/cu124/torch/ (Caused by SSLError(SSLCertVerificationError(1, '[SSL: CERTIFICATE_VERIFY_FAILED] certificate verify failed: unable to get local issuer certificate (_ssl.c:1000)'))) - skipping
ERROR: Could not find a version that satisfies the requirement torch==2.6.0+cu124 (from versions: 2.2.0, 2.2.1, 2.2.2, 2.3.0, 2.3.1, 2.4.0, 2.4.1, 2.5.0, 2.5.1, 2.6.0, 2.7.0, 2.7.1, 2.8.0, 2.9.0, 2.9.1, 2.10.0, 2.11.0, 2.12.0, 2.12.1, 2.13.0, 2.14.0)
ERROR: No matching distribution found for torch==2.6.0+cu124